// Jest Snapshot v1, https://goo.gl/fbAQLP

exports[`App component matches snapshot 1`] = `
<DocumentFragment>
  <div>
    <canvas
      style="width: 100%; height: 100%; position: absolute; z-index: -1; top: 0px; left: 0px;"
    />
    <nav
      class="navbar fixed-top flex-md-nowrap p-0 shadow text-monospace"
    >
      <a
        class="navbar-brand col-sm-3"
        href="http://brassey.io/"
        rel="noopener noreferrer"
        target="_blank"
      >
        <img
          alt="logo"
          height="32"
          src="dice_logo.png"
        />
         TossUp
      </a>
      <div
        class="spinner-border text-light"
        id="loader"
        role="status"
      />
    </nav>
     
    <div>
      <div
        style="transition: opacity 400ms, transform 400ms; transform: translateY(20px); opacity: 0;"
      >
        <div
          class="container-fluid mt-5 col-m-4"
          style="max-width: 550px;"
        >
          <div
            class="col-sm"
          >
            <main
              class="col-lg-12 text-monospace text-center text-light"
              role="main"
            >
              <div
                class="content mr-auto ml-auto"
              >
                <div
                  class="mt-3"
                  id="content"
                >
                  <div
                    class="card mb-4"
                  >
                    <div
                      class="card-body"
                    >
                      <div>
                        <img
                          alt="logo"
                          src="eth.png"
                          width="225"
                        />
                      </div>
                       
                      <p />
                      <div
                        class="input-group mb-4"
                      >
                        <input
                          class="form-control form-control-md"
                          placeholder="bet amount..."
                          required=""
                          step="0.01"
                          type="number"
                        />
                        <div
                          class="input-group-append"
                        >
                          <div
                            class="input-group-text"
                          >
                            <img
                              alt=""
                              height="20"
                              src="eth.png"
                            />
                             
                            <b>
                              ETH
                            </b>
                          </div>
                        </div>
                      </div>
                      <button
                        class="btn low"
                        type="submit"
                      >
                        Low
                      </button>
                         
                      <button
                        class="btn high "
                        type="submit"
                      >
                        High
                      </button>
                    </div>
                    <div
                      class="numbers"
                    >
                      <div
                        class="spinner-border float-right"
                        id="loader"
                        role="status"
                      />
                      <div
                        class="dice2"
                      >
                        <img
                          alt="logo"
                          src="dice_logo.png"
                          width="80"
                        />
                      </div>
                    </div>
                  </div>
                </div>
              </div>
            </main>
          </div>
        </div>
      </div>
    </div>
    <div
      class="mm-popup"
    >
      <div
        class="mm-popup__overlay"
        role="presentation"
      />
    </div>
  </div>
</DocumentFragment>
`;
